error: invalid atomic value
  --> IOSPEC:6:10
   |
 1 | inputln {
 2 |     item xi32: i32;
 3 |     item xi64: i64;
 4 |     item xbool: bool;
...
 9 |     item yi64: i64;
10 |     item ybool: bool;
   |          ----- info: when reading this
   |
